<testsuites id="" name="" tests="14" failures="2" skipped="0" errors="0" time="6.872623000000001">
<testsuite name="example.spec.ts" timestamp="2025-07-30T17:03:18.344Z" hostname="chromium" tests="2" failures="0" skipped="0" time="1.512" errors="0">
<testcase name="Family Task Manager › should load the application" classname="example.spec.ts" time="0.747">
</testcase>
<testcase name="Family Task Manager › should have responsive design" classname="example.spec.ts" time="0.765">
</testcase>
</testsuite>
<testsuite name="example.spec.ts" timestamp="2025-07-30T17:03:18.344Z" hostname="firefox" tests="2" failures="0" skipped="0" time="4.766" errors="0">
<testcase name="Family Task Manager › should load the application" classname="example.spec.ts" time="2.248">
</testcase>
<testcase name="Family Task Manager › should have responsive design" classname="example.spec.ts" time="2.518">
</testcase>
</testsuite>
<testsuite name="example.spec.ts" timestamp="2025-07-30T17:03:18.344Z" hostname="webkit" tests="2" failures="0" skipped="0" time="2.424" errors="0">
<testcase name="Family Task Manager › should load the application" classname="example.spec.ts" time="1.079">
</testcase>
<testcase name="Family Task Manager › should have responsive design" classname="example.spec.ts" time="1.345">
</testcase>
</testsuite>
<testsuite name="example.spec.ts" timestamp="2025-07-30T17:03:18.344Z" hostname="Mobile Chrome" tests="2" failures="0" skipped="0" time="2.491" errors="0">
<testcase name="Family Task Manager › should load the application" classname="example.spec.ts" time="0.766">
</testcase>
<testcase name="Family Task Manager › should have responsive design" classname="example.spec.ts" time="1.725">
</testcase>
</testsuite>
<testsuite name="example.spec.ts" timestamp="2025-07-30T17:03:18.344Z" hostname="Mobile Safari" tests="2" failures="0" skipped="0" time="2.29" errors="0">
<testcase name="Family Task Manager › should load the application" classname="example.spec.ts" time="0.908">
</testcase>
<testcase name="Family Task Manager › should have responsive design" classname="example.spec.ts" time="1.382">
</testcase>
</testsuite>
<testsuite name="example.spec.ts" timestamp="2025-07-30T17:03:18.344Z" hostname="Microsoft Edge" tests="2" failures="2" skipped="0" time="0.003" errors="0">
<testcase name="Family Task Manager › should load the application" classname="example.spec.ts" time="0.001">
<failure message="example.spec.ts:4:3 should load the application" type="FAILURE">
<![CDATA[  [Microsoft Edge] › example.spec.ts:4:3 › Family Task Manager › should load the application ───────

    Error: browserType.launch: Chromium distribution 'msedge' is not found at /Applications/Microsoft Edge.app/Contents/MacOS/Microsoft Edge
    Run "npx playwright install msedge"
]]>
</failure>
</testcase>
<testcase name="Family Task Manager › should have responsive design" classname="example.spec.ts" time="0.002">
<failure message="example.spec.ts:14:3 should have responsive design" type="FAILURE">
<![CDATA[  [Microsoft Edge] › example.spec.ts:14:3 › Family Task Manager › should have responsive design ────

    Error: browserType.launch: Chromium distribution 'msedge' is not found at /Applications/Microsoft Edge.app/Contents/MacOS/Microsoft Edge
    Run "npx playwright install msedge"
]]>
</failure>
</testcase>
</testsuite>
<testsuite name="example.spec.ts" timestamp="2025-07-30T17:03:18.344Z" hostname="Google Chrome" tests="2" failures="0" skipped="0" time="1.496" errors="0">
<testcase name="Family Task Manager › should load the application" classname="example.spec.ts" time="0.73">
</testcase>
<testcase name="Family Task Manager › should have responsive design" classname="example.spec.ts" time="0.766">
</testcase>
</testsuite>
</testsuites>